[2026-09-12 09:49:42] [INFO]: Iniciando secuencia de vinculación de módulos...
[2026-09-12 09:49:42] [INFO]: === INICIANDO DETALLE DE MAPEO DE ENTRADAS (ROUTER) ===
[2026-09-12 09:49:42] [SUCCESS]: Slot #001 -> Método: [POST  ] | Path: [/session/set-context]
[2026-09-12 09:49:42] [SUCCESS]: Slot #002 -> Método: [POST  ] | Path: [/session/logout]
[2026-09-12 09:49:42] [SUCCESS]: Slot #003 -> Método: [GET   ] | Path: [/]
[2026-09-12 09:49:42] [SUCCESS]: Slot #004 -> Método: [GET   ] | Path: [/password]
[2026-09-12 09:49:42] [SUCCESS]: Slot #005 -> Método: [POST  ] | Path: [/password]
[2026-09-12 09:49:42] [SUCCESS]: Slot #006 -> Método: [GET   ] | Path: [/login]
[2026-09-12 09:49:42] [SUCCESS]: Slot #007 -> Método: [POST  ] | Path: [/users/get-user]
[2026-09-12 09:49:42] [SUCCESS]: Slot #008 -> Método: [POST  ] | Path: [/login]
[2026-09-12 09:49:42] [SUCCESS]: Slot #009 -> Método: [GET   ] | Path: [/users/list]
[2026-09-12 09:49:42] [SUCCESS]: Slot #010 -> Método: [POST  ] | Path: [/users/get-role]
[2026-09-12 09:49:42] [SUCCESS]: Slot #011 -> Método: [POST  ] | Path: [/users/update-role]
[2026-09-12 09:49:42] [SUCCESS]: Slot #012 -> Método: [POST  ] | Path: [/users/get-id]
[2026-09-12 09:49:42] [SUCCESS]: Slot #013 -> Método: [GET   ] | Path: [/users]
[2026-09-12 09:49:42] [SUCCESS]: Slot #014 -> Método: [GET   ] | Path: [/users/register]
[2026-09-12 09:49:42] [SUCCESS]: Slot #015 -> Método: [POST  ] | Path: [/users/register]
[2026-09-12 09:49:42] [SUCCESS]: Slot #016 -> Método: [GET   ] | Path: [/roles/list]
[2026-09-12 09:49:42] [SUCCESS]: Slot #017 -> Método: [POST  ] | Path: [/roles/add]
[2026-09-12 09:49:42] [SUCCESS]: Slot #018 -> Método: [POST  ] | Path: [/roles/edit]
[2026-09-12 09:49:42] [SUCCESS]: Slot #019 -> Método: [POST  ] | Path: [/roles/get]
[2026-09-12 09:49:42] [INFO]: === TOTAL DE RUTAS MAPEADAS EN MEMORIA: [19/500] ===
[2026-09-12 12:16:56] [INFO]: Iniciando secuencia de vinculación de módulos...
[2026-09-12 12:16:56] [INFO]: === INICIANDO DETALLE DE MAPEO DE ENTRADAS (ROUTER) ===
[2026-09-12 12:16:56] [SUCCESS]: Slot #001 -> Método: [POST  ] | Path: [/session/logout]
[2026-09-12 12:16:56] [SUCCESS]: Slot #002 -> Método: [GET   ] | Path: [/]
[2026-09-12 12:16:56] [SUCCESS]: Slot #003 -> Método: [GET   ] | Path: [/password]
[2026-09-12 12:16:56] [SUCCESS]: Slot #004 -> Método: [POST  ] | Path: [/password]
[2026-09-12 12:16:56] [SUCCESS]: Slot #005 -> Método: [GET   ] | Path: [/login]
[2026-09-12 12:16:56] [SUCCESS]: Slot #006 -> Método: [POST  ] | Path: [/users/get-user]
[2026-09-12 12:16:56] [SUCCESS]: Slot #007 -> Método: [POST  ] | Path: [/login]
[2026-09-12 12:16:56] [SUCCESS]: Slot #008 -> Método: [GET   ] | Path: [/users/list]
[2026-09-12 12:16:56] [SUCCESS]: Slot #009 -> Método: [POST  ] | Path: [/users/get-role]
[2026-09-12 12:16:56] [SUCCESS]: Slot #010 -> Método: [POST  ] | Path: [/users/update-role]
[2026-09-12 12:16:56] [SUCCESS]: Slot #011 -> Método: [POST  ] | Path: [/users/get-id]
[2026-09-12 12:16:56] [SUCCESS]: Slot #012 -> Método: [GET   ] | Path: [/users]
[2026-09-12 12:16:56] [SUCCESS]: Slot #013 -> Método: [GET   ] | Path: [/users/register]
[2026-09-12 12:16:56] [SUCCESS]: Slot #014 -> Método: [POST  ] | Path: [/users/register]
[2026-09-12 12:16:56] [SUCCESS]: Slot #015 -> Método: [GET   ] | Path: [/roles/list]
[2026-09-12 12:16:56] [SUCCESS]: Slot #016 -> Método: [POST  ] | Path: [/roles/add]
[2026-09-12 12:16:56] [SUCCESS]: Slot #017 -> Método: [POST  ] | Path: [/roles/edit]
[2026-09-12 12:16:56] [SUCCESS]: Slot #018 -> Método: [POST  ] | Path: [/roles/get]
[2026-09-12 12:16:56] [INFO]: === TOTAL DE RUTAS MAPEADAS EN MEMORIA: [18/500] ===
[2026-09-12 12:26:13] [INFO]: Iniciando secuencia de vinculación de módulos...
[2026-09-12 12:26:13] [INFO]: === INICIANDO DETALLE DE MAPEO DE ENTRADAS (ROUTER) ===
[2026-09-12 12:26:13] [SUCCESS]: Slot #001 -> Método: [POST  ] | Path: [/session/logout]
[2026-09-12 12:26:13] [SUCCESS]: Slot #002 -> Método: [GET   ] | Path: [/]
[2026-09-12 12:26:13] [SUCCESS]: Slot #003 -> Método: [GET   ] | Path: [/password]
[2026-09-12 12:26:13] [SUCCESS]: Slot #004 -> Método: [POST  ] | Path: [/password]
[2026-09-12 12:26:13] [SUCCESS]: Slot #005 -> Método: [GET   ] | Path: [/login]
[2026-09-12 12:26:13] [SUCCESS]: Slot #006 -> Método: [POST  ] | Path: [/users/get-user]
[2026-09-12 12:26:13] [SUCCESS]: Slot #007 -> Método: [POST  ] | Path: [/login]
[2026-09-12 12:26:13] [SUCCESS]: Slot #008 -> Método: [GET   ] | Path: [/users/list]
[2026-09-12 12:26:13] [SUCCESS]: Slot #009 -> Método: [POST  ] | Path: [/users/get-role]
[2026-09-12 12:26:13] [SUCCESS]: Slot #010 -> Método: [POST  ] | Path: [/users/update-role]
[2026-09-12 12:26:13] [SUCCESS]: Slot #011 -> Método: [POST  ] | Path: [/users/get-id]
[2026-09-12 12:26:13] [SUCCESS]: Slot #012 -> Método: [GET   ] | Path: [/users]
[2026-09-12 12:26:13] [SUCCESS]: Slot #013 -> Método: [GET   ] | Path: [/users/register]
[2026-09-12 12:26:13] [SUCCESS]: Slot #014 -> Método: [POST  ] | Path: [/users/register]
[2026-09-12 12:26:13] [SUCCESS]: Slot #015 -> Método: [GET   ] | Path: [/roles/list]
[2026-09-12 12:26:13] [SUCCESS]: Slot #016 -> Método: [POST  ] | Path: [/roles/add]
[2026-09-12 12:26:13] [SUCCESS]: Slot #017 -> Método: [POST  ] | Path: [/roles/edit]
[2026-09-12 12:26:13] [SUCCESS]: Slot #018 -> Método: [POST  ] | Path: [/roles/get]
[2026-09-12 12:26:13] [INFO]: === TOTAL DE RUTAS MAPEADAS EN MEMORIA: [18/500] ===
[2026-09-12 12:47:03] [INFO]: Iniciando secuencia de vinculación de módulos...
[2026-09-12 12:47:03] [INFO]: === INICIANDO DETALLE DE MAPEO DE ENTRADAS (ROUTER) ===
[2026-09-12 12:47:03] [SUCCESS]: Slot #001 -> Método: [POST  ] | Path: [/session/logout]
[2026-09-12 12:47:03] [SUCCESS]: Slot #002 -> Método: [GET   ] | Path: [/]
[2026-09-12 12:47:03] [SUCCESS]: Slot #003 -> Método: [GET   ] | Path: [/password]
[2026-09-12 12:47:03] [SUCCESS]: Slot #004 -> Método: [POST  ] | Path: [/password]
[2026-09-12 12:47:03] [SUCCESS]: Slot #005 -> Método: [GET   ] | Path: [/login]
[2026-09-12 12:47:03] [SUCCESS]: Slot #006 -> Método: [POST  ] | Path: [/users/get-user]
[2026-09-12 12:47:03] [SUCCESS]: Slot #007 -> Método: [POST  ] | Path: [/login]
[2026-09-12 12:47:03] [SUCCESS]: Slot #008 -> Método: [GET   ] | Path: [/users/list]
[2026-09-12 12:47:03] [SUCCESS]: Slot #009 -> Método: [POST  ] | Path: [/users/get-role]
[2026-09-12 12:47:03] [SUCCESS]: Slot #010 -> Método: [POST  ] | Path: [/users/update-role]
[2026-09-12 12:47:03] [SUCCESS]: Slot #011 -> Método: [POST  ] | Path: [/users/get-id]
[2026-09-12 12:47:03] [SUCCESS]: Slot #012 -> Método: [GET   ] | Path: [/users]
[2026-09-12 12:47:03] [SUCCESS]: Slot #013 -> Método: [GET   ] | Path: [/users/register]
[2026-09-12 12:47:03] [SUCCESS]: Slot #014 -> Método: [POST  ] | Path: [/users/register]
[2026-09-12 12:47:03] [SUCCESS]: Slot #015 -> Método: [GET   ] | Path: [/roles/list]
[2026-09-12 12:47:03] [SUCCESS]: Slot #016 -> Método: [POST  ] | Path: [/roles/add]
[2026-09-12 12:47:03] [SUCCESS]: Slot #017 -> Método: [POST  ] | Path: [/roles/edit]
[2026-09-12 12:47:03] [SUCCESS]: Slot #018 -> Método: [POST  ] | Path: [/roles/get]
[2026-09-12 12:47:03] [INFO]: === TOTAL DE RUTAS MAPEADAS EN MEMORIA: [18/500] ===
[2026-09-12 16:43:29] [INFO]: Iniciando secuencia de vinculación de módulos...
[2026-09-12 16:43:29] [INFO]: === INICIANDO DETALLE DE MAPEO DE ENTRADAS (ROUTER) ===
[2026-09-12 16:43:29] [SUCCESS]: Slot #001 -> Método: [POST  ] | Path: [/session/logout]
[2026-09-12 16:43:29] [SUCCESS]: Slot #002 -> Método: [GET   ] | Path: [/]
[2026-09-12 16:43:29] [SUCCESS]: Slot #003 -> Método: [GET   ] | Path: [/password]
[2026-09-12 16:43:29] [SUCCESS]: Slot #004 -> Método: [POST  ] | Path: [/password]
[2026-09-12 16:43:29] [SUCCESS]: Slot #005 -> Método: [GET   ] | Path: [/login]
[2026-09-12 16:43:29] [SUCCESS]: Slot #006 -> Método: [POST  ] | Path: [/users/get-user]
[2026-09-12 16:43:29] [SUCCESS]: Slot #007 -> Método: [POST  ] | Path: [/login]
[2026-09-12 16:43:29] [SUCCESS]: Slot #008 -> Método: [GET   ] | Path: [/users/list]
[2026-09-12 16:43:29] [SUCCESS]: Slot #009 -> Método: [POST  ] | Path: [/users/get-role]
[2026-09-12 16:43:29] [SUCCESS]: Slot #010 -> Método: [POST  ] | Path: [/users/update-role]
[2026-09-12 16:43:29] [SUCCESS]: Slot #011 -> Método: [POST  ] | Path: [/users/get-id]
[2026-09-12 16:43:29] [SUCCESS]: Slot #012 -> Método: [GET   ] | Path: [/users]
[2026-09-12 16:43:29] [SUCCESS]: Slot #013 -> Método: [GET   ] | Path: [/users/register]
[2026-09-12 16:43:29] [SUCCESS]: Slot #014 -> Método: [POST  ] | Path: [/users/register]
[2026-09-12 16:43:29] [SUCCESS]: Slot #015 -> Método: [GET   ] | Path: [/roles/list]
[2026-09-12 16:43:29] [SUCCESS]: Slot #016 -> Método: [POST  ] | Path: [/roles/add]
[2026-09-12 16:43:29] [SUCCESS]: Slot #017 -> Método: [POST  ] | Path: [/roles/edit]
[2026-09-12 16:43:29] [SUCCESS]: Slot #018 -> Método: [POST  ] | Path: [/roles/get]
[2026-09-12 16:43:29] [INFO]: === TOTAL DE RUTAS MAPEADAS EN MEMORIA: [18/500] ===
[2026-09-12 16:46:05] [INFO]: Iniciando secuencia de vinculación de módulos...
[2026-09-12 16:46:05] [INFO]: === INICIANDO DETALLE DE MAPEO DE ENTRADAS (ROUTER) ===
[2026-09-12 16:46:05] [SUCCESS]: Slot #001 -> Método: [POST  ] | Path: [/session/logout]
[2026-09-12 16:46:05] [SUCCESS]: Slot #002 -> Método: [GET   ] | Path: [/]
[2026-09-12 16:46:05] [SUCCESS]: Slot #003 -> Método: [GET   ] | Path: [/password]
[2026-09-12 16:46:05] [SUCCESS]: Slot #004 -> Método: [POST  ] | Path: [/password]
[2026-09-12 16:46:05] [SUCCESS]: Slot #005 -> Método: [GET   ] | Path: [/login]
[2026-09-12 16:46:05] [SUCCESS]: Slot #006 -> Método: [POST  ] | Path: [/users/get-user]
[2026-09-12 16:46:05] [SUCCESS]: Slot #007 -> Método: [POST  ] | Path: [/login]
[2026-09-12 16:46:05] [SUCCESS]: Slot #008 -> Método: [GET   ] | Path: [/users/list]
[2026-09-12 16:46:05] [SUCCESS]: Slot #009 -> Método: [POST  ] | Path: [/users/get-role]
[2026-09-12 16:46:05] [SUCCESS]: Slot #010 -> Método: [POST  ] | Path: [/users/update-role]
[2026-09-12 16:46:05] [SUCCESS]: Slot #011 -> Método: [POST  ] | Path: [/users/get-id]
[2026-09-12 16:46:05] [SUCCESS]: Slot #012 -> Método: [GET   ] | Path: [/users]
[2026-09-12 16:46:05] [SUCCESS]: Slot #013 -> Método: [GET   ] | Path: [/users/register]
[2026-09-12 16:46:05] [SUCCESS]: Slot #014 -> Método: [POST  ] | Path: [/users/register]
[2026-09-12 16:46:05] [SUCCESS]: Slot #015 -> Método: [GET   ] | Path: [/roles/list]
[2026-09-12 16:46:05] [SUCCESS]: Slot #016 -> Método: [POST  ] | Path: [/roles/add]
[2026-09-12 16:46:05] [SUCCESS]: Slot #017 -> Método: [POST  ] | Path: [/roles/edit]
[2026-09-12 16:46:05] [SUCCESS]: Slot #018 -> Método: [POST  ] | Path: [/roles/get]
[2026-09-12 16:46:05] [INFO]: === TOTAL DE RUTAS MAPEADAS EN MEMORIA: [18/500] ===
[2026-09-12 16:50:43] [INFO]: Iniciando secuencia de vinculación de módulos...
[2026-09-12 16:50:43] [INFO]: === INICIANDO DETALLE DE MAPEO DE ENTRADAS (ROUTER) ===
[2026-09-12 16:50:43] [SUCCESS]: Slot #001 -> Método: [POST  ] | Path: [/session/logout]
[2026-09-12 16:50:43] [SUCCESS]: Slot #002 -> Método: [GET   ] | Path: [/]
[2026-09-12 16:50:43] [SUCCESS]: Slot #003 -> Método: [GET   ] | Path: [/password]
[2026-09-12 16:50:43] [SUCCESS]: Slot #004 -> Método: [POST  ] | Path: [/password]
[2026-09-12 16:50:43] [SUCCESS]: Slot #005 -> Método: [GET   ] | Path: [/login]
[2026-09-12 16:50:43] [SUCCESS]: Slot #006 -> Método: [POST  ] | Path: [/users/get-user]
[2026-09-12 16:50:43] [SUCCESS]: Slot #007 -> Método: [POST  ] | Path: [/login]
[2026-09-12 16:50:43] [SUCCESS]: Slot #008 -> Método: [GET   ] | Path: [/users/list]
[2026-09-12 16:50:43] [SUCCESS]: Slot #009 -> Método: [POST  ] | Path: [/users/get-role]
[2026-09-12 16:50:43] [SUCCESS]: Slot #010 -> Método: [POST  ] | Path: [/users/update-role]
[2026-09-12 16:50:43] [SUCCESS]: Slot #011 -> Método: [POST  ] | Path: [/users/get-id]
[2026-09-12 16:50:43] [SUCCESS]: Slot #012 -> Método: [GET   ] | Path: [/users]
[2026-09-12 16:50:43] [SUCCESS]: Slot #013 -> Método: [GET   ] | Path: [/users/register]
[2026-09-12 16:50:43] [SUCCESS]: Slot #014 -> Método: [POST  ] | Path: [/users/register]
[2026-09-12 16:50:43] [SUCCESS]: Slot #015 -> Método: [GET   ] | Path: [/roles/list]
[2026-09-12 16:50:43] [SUCCESS]: Slot #016 -> Método: [POST  ] | Path: [/roles/add]
[2026-09-12 16:50:43] [SUCCESS]: Slot #017 -> Método: [POST  ] | Path: [/roles/edit]
[2026-09-12 16:50:43] [SUCCESS]: Slot #018 -> Método: [POST  ] | Path: [/roles/get]
[2026-09-12 16:50:43] [INFO]: === TOTAL DE RUTAS MAPEADAS EN MEMORIA: [18/500] ===
[2026-09-12 16:52:10] [INFO]: Iniciando secuencia de vinculación de módulos...
[2026-09-12 16:52:10] [INFO]: === INICIANDO DETALLE DE MAPEO DE ENTRADAS (ROUTER) ===
[2026-09-12 16:52:10] [SUCCESS]: Slot #001 -> Método: [POST  ] | Path: [/session/logout]
[2026-09-12 16:52:10] [SUCCESS]: Slot #002 -> Método: [GET   ] | Path: [/]
[2026-09-12 16:52:10] [SUCCESS]: Slot #003 -> Método: [GET   ] | Path: [/password]
[2026-09-12 16:52:10] [SUCCESS]: Slot #004 -> Método: [POST  ] | Path: [/password]
[2026-09-12 16:52:10] [SUCCESS]: Slot #005 -> Método: [GET   ] | Path: [/login]
[2026-09-12 16:52:10] [SUCCESS]: Slot #006 -> Método: [POST  ] | Path: [/users/get-user]
[2026-09-12 16:52:10] [SUCCESS]: Slot #007 -> Método: [POST  ] | Path: [/login]
[2026-09-12 16:52:10] [SUCCESS]: Slot #008 -> Método: [GET   ] | Path: [/users/list]
[2026-09-12 16:52:10] [SUCCESS]: Slot #009 -> Método: [POST  ] | Path: [/users/get-role]
[2026-09-12 16:52:10] [SUCCESS]: Slot #010 -> Método: [POST  ] | Path: [/users/update-role]
[2026-09-12 16:52:10] [SUCCESS]: Slot #011 -> Método: [POST  ] | Path: [/users/get-id]
[2026-09-12 16:52:10] [SUCCESS]: Slot #012 -> Método: [GET   ] | Path: [/users]
[2026-09-12 16:52:10] [SUCCESS]: Slot #013 -> Método: [GET   ] | Path: [/users/register]
[2026-09-12 16:52:10] [SUCCESS]: Slot #014 -> Método: [POST  ] | Path: [/users/register]
[2026-09-12 16:52:10] [SUCCESS]: Slot #015 -> Método: [GET   ] | Path: [/roles/list]
[2026-09-12 16:52:10] [SUCCESS]: Slot #016 -> Método: [POST  ] | Path: [/roles/add]
[2026-09-12 16:52:10] [SUCCESS]: Slot #017 -> Método: [POST  ] | Path: [/roles/edit]
[2026-09-12 16:52:10] [SUCCESS]: Slot #018 -> Método: [POST  ] | Path: [/roles/get]
[2026-09-12 16:52:10] [INFO]: === TOTAL DE RUTAS MAPEADAS EN MEMORIA: [18/500] ===
[2026-09-12 16:59:09] [INFO]: Iniciando secuencia de vinculación de módulos...
[2026-09-12 16:59:09] [INFO]: === INICIANDO DETALLE DE MAPEO DE ENTRADAS (ROUTER) ===
[2026-09-12 16:59:09] [SUCCESS]: Slot #001 -> Método: [POST  ] | Path: [/session/logout]
[2026-09-12 16:59:09] [SUCCESS]: Slot #002 -> Método: [GET   ] | Path: [/]
[2026-09-12 16:59:09] [SUCCESS]: Slot #003 -> Método: [GET   ] | Path: [/password]
[2026-09-12 16:59:09] [SUCCESS]: Slot #004 -> Método: [POST  ] | Path: [/password]
[2026-09-12 16:59:09] [SUCCESS]: Slot #005 -> Método: [GET   ] | Path: [/login]
[2026-09-12 16:59:09] [SUCCESS]: Slot #006 -> Método: [POST  ] | Path: [/users/get-user]
[2026-09-12 16:59:09] [SUCCESS]: Slot #007 -> Método: [POST  ] | Path: [/login]
[2026-09-12 16:59:09] [SUCCESS]: Slot #008 -> Método: [GET   ] | Path: [/users/list]
[2026-09-12 16:59:09] [SUCCESS]: Slot #009 -> Método: [POST  ] | Path: [/users/get-role]
[2026-09-12 16:59:09] [SUCCESS]: Slot #010 -> Método: [POST  ] | Path: [/users/update-role]
[2026-09-12 16:59:09] [SUCCESS]: Slot #011 -> Método: [POST  ] | Path: [/users/get-id]
[2026-09-12 16:59:09] [SUCCESS]: Slot #012 -> Método: [GET   ] | Path: [/users]
[2026-09-12 16:59:09] [SUCCESS]: Slot #013 -> Método: [GET   ] | Path: [/users/register]
[2026-09-12 16:59:09] [SUCCESS]: Slot #014 -> Método: [POST  ] | Path: [/users/register]
[2026-09-12 16:59:09] [SUCCESS]: Slot #015 -> Método: [GET   ] | Path: [/roles/list]
[2026-09-12 16:59:09] [SUCCESS]: Slot #016 -> Método: [POST  ] | Path: [/roles/add]
[2026-09-12 16:59:09] [SUCCESS]: Slot #017 -> Método: [POST  ] | Path: [/roles/edit]
[2026-09-12 16:59:09] [SUCCESS]: Slot #018 -> Método: [POST  ] | Path: [/roles/get]
[2026-09-12 16:59:09] [INFO]: === TOTAL DE RUTAS MAPEADAS EN MEMORIA: [18/500] ===
[2026-09-12 17:04:36] [INFO]: Iniciando secuencia de vinculación de módulos...
[2026-09-12 17:04:36] [INFO]: === INICIANDO DETALLE DE MAPEO DE ENTRADAS (ROUTER) ===
[2026-09-12 17:04:36] [SUCCESS]: Slot #001 -> Método: [POST  ] | Path: [/session/logout]
[2026-09-12 17:04:36] [SUCCESS]: Slot #002 -> Método: [GET   ] | Path: [/]
[2026-09-12 17:04:36] [SUCCESS]: Slot #003 -> Método: [GET   ] | Path: [/password]
[2026-09-12 17:04:36] [SUCCESS]: Slot #004 -> Método: [POST  ] | Path: [/password]
[2026-09-12 17:04:36] [SUCCESS]: Slot #005 -> Método: [GET   ] | Path: [/login]
[2026-09-12 17:04:36] [SUCCESS]: Slot #006 -> Método: [POST  ] | Path: [/users/get-user]
[2026-09-12 17:04:36] [SUCCESS]: Slot #007 -> Método: [POST  ] | Path: [/login]
[2026-09-12 17:04:36] [SUCCESS]: Slot #008 -> Método: [GET   ] | Path: [/users/list]
[2026-09-12 17:04:36] [SUCCESS]: Slot #009 -> Método: [POST  ] | Path: [/users/get-role]
[2026-09-12 17:04:36] [SUCCESS]: Slot #010 -> Método: [POST  ] | Path: [/users/update-role]
[2026-09-12 17:04:36] [SUCCESS]: Slot #011 -> Método: [POST  ] | Path: [/users/get-id]
[2026-09-12 17:04:36] [SUCCESS]: Slot #012 -> Método: [GET   ] | Path: [/users]
[2026-09-12 17:04:36] [SUCCESS]: Slot #013 -> Método: [GET   ] | Path: [/users/register]
[2026-09-12 17:04:36] [SUCCESS]: Slot #014 -> Método: [POST  ] | Path: [/users/register]
[2026-09-12 17:04:36] [SUCCESS]: Slot #015 -> Método: [GET   ] | Path: [/roles/list]
[2026-09-12 17:04:36] [SUCCESS]: Slot #016 -> Método: [POST  ] | Path: [/roles/add]
[2026-09-12 17:04:36] [SUCCESS]: Slot #017 -> Método: [POST  ] | Path: [/roles/edit]
[2026-09-12 17:04:36] [SUCCESS]: Slot #018 -> Método: [POST  ] | Path: [/roles/get]
[2026-09-12 17:04:36] [INFO]: === TOTAL DE RUTAS MAPEADAS EN MEMORIA: [18/500] ===
[2026-09-13 08:01:46] [INFO]: Iniciando secuencia de vinculación de módulos...
[2026-09-13 08:01:46] [INFO]: === INICIANDO DETALLE DE MAPEO DE ENTRADAS (ROUTER) ===
[2026-09-13 08:01:46] [SUCCESS]: Slot #001 -> Método: [POST  ] | Path: [/session/logout]
[2026-09-13 08:01:46] [SUCCESS]: Slot #002 -> Método: [GET   ] | Path: [/]
[2026-09-13 08:01:46] [SUCCESS]: Slot #003 -> Método: [GET   ] | Path: [/password]
[2026-09-13 08:01:46] [SUCCESS]: Slot #004 -> Método: [POST  ] | Path: [/password]
[2026-09-13 08:01:46] [SUCCESS]: Slot #005 -> Método: [GET   ] | Path: [/login]
[2026-09-13 08:01:46] [SUCCESS]: Slot #006 -> Método: [POST  ] | Path: [/users/get-user]
[2026-09-13 08:01:46] [SUCCESS]: Slot #007 -> Método: [POST  ] | Path: [/login]
[2026-09-13 08:01:46] [SUCCESS]: Slot #008 -> Método: [GET   ] | Path: [/users/list]
[2026-09-13 08:01:46] [SUCCESS]: Slot #009 -> Método: [POST  ] | Path: [/users/get-role]
[2026-09-13 08:01:46] [SUCCESS]: Slot #010 -> Método: [POST  ] | Path: [/users/update-role]
[2026-09-13 08:01:46] [SUCCESS]: Slot #011 -> Método: [POST  ] | Path: [/users/get-id]
[2026-09-13 08:01:46] [SUCCESS]: Slot #012 -> Método: [GET   ] | Path: [/users]
[2026-09-13 08:01:46] [SUCCESS]: Slot #013 -> Método: [GET   ] | Path: [/users/register]
[2026-09-13 08:01:46] [SUCCESS]: Slot #014 -> Método: [POST  ] | Path: [/users/register]
[2026-09-13 08:01:46] [SUCCESS]: Slot #015 -> Método: [GET   ] | Path: [/roles/list]
[2026-09-13 08:01:46] [SUCCESS]: Slot #016 -> Método: [POST  ] | Path: [/roles/add]
[2026-09-13 08:01:46] [SUCCESS]: Slot #017 -> Método: [POST  ] | Path: [/roles/edit]
[2026-09-13 08:01:46] [SUCCESS]: Slot #018 -> Método: [POST  ] | Path: [/roles/get]
[2026-09-13 08:01:46] [INFO]: === TOTAL DE RUTAS MAPEADAS EN MEMORIA: [18/500] ===
[2026-09-13 09:58:17] [INFO]: Iniciando secuencia de vinculación de módulos...
[2026-09-13 09:58:17] [INFO]: === INICIANDO DETALLE DE MAPEO DE ENTRADAS (ROUTER) ===
[2026-09-13 09:58:17] [SUCCESS]: Slot #001 -> Método: [POST  ] | Path: [/session/logout]
[2026-09-13 09:58:17] [SUCCESS]: Slot #002 -> Método: [GET   ] | Path: [/]
[2026-09-13 09:58:17] [SUCCESS]: Slot #003 -> Método: [GET   ] | Path: [/password]
[2026-09-13 09:58:17] [SUCCESS]: Slot #004 -> Método: [POST  ] | Path: [/password]
[2026-09-13 09:58:17] [SUCCESS]: Slot #005 -> Método: [GET   ] | Path: [/login]
[2026-09-13 09:58:17] [SUCCESS]: Slot #006 -> Método: [POST  ] | Path: [/users/get-user]
[2026-09-13 09:58:17] [SUCCESS]: Slot #007 -> Método: [POST  ] | Path: [/login]
[2026-09-13 09:58:17] [SUCCESS]: Slot #008 -> Método: [GET   ] | Path: [/users/list]
[2026-09-13 09:58:17] [SUCCESS]: Slot #009 -> Método: [POST  ] | Path: [/users/get-role]
[2026-09-13 09:58:17] [SUCCESS]: Slot #010 -> Método: [POST  ] | Path: [/users/update-role]
[2026-09-13 09:58:17] [SUCCESS]: Slot #011 -> Método: [POST  ] | Path: [/users/get-id]
[2026-09-13 09:58:17] [SUCCESS]: Slot #012 -> Método: [GET   ] | Path: [/users]
[2026-09-13 09:58:17] [SUCCESS]: Slot #013 -> Método: [GET   ] | Path: [/users/register]
[2026-09-13 09:58:17] [SUCCESS]: Slot #014 -> Método: [POST  ] | Path: [/users/register]
[2026-09-13 09:58:17] [SUCCESS]: Slot #015 -> Método: [GET   ] | Path: [/roles/list]
[2026-09-13 09:58:17] [SUCCESS]: Slot #016 -> Método: [POST  ] | Path: [/roles/add]
[2026-09-13 09:58:17] [SUCCESS]: Slot #017 -> Método: [POST  ] | Path: [/roles/edit]
[2026-09-13 09:58:17] [SUCCESS]: Slot #018 -> Método: [POST  ] | Path: [/roles/get]
[2026-09-13 09:58:17] [SUCCESS]: Slot #019 -> Método: [GET   ] | Path: [/grupos/list]
[2026-09-13 09:58:17] [SUCCESS]: Slot #020 -> Método: [POST  ] | Path: [/grupos/add]
[2026-09-13 09:58:17] [SUCCESS]: Slot #021 -> Método: [POST  ] | Path: [/grupos/edit]
[2026-09-13 09:58:17] [SUCCESS]: Slot #022 -> Método: [POST  ] | Path: [/grupos/get]
[2026-09-13 09:58:17] [INFO]: === TOTAL DE RUTAS MAPEADAS EN MEMORIA: [22/500] ===
[2026-09-14 10:27:22] [INFO]: Iniciando secuencia de vinculación de módulos...
[2026-09-14 10:27:22] [INFO]: === INICIANDO DETALLE DE MAPEO DE ENTRADAS (ROUTER) ===
[2026-09-14 10:27:22] [SUCCESS]: Slot #001 -> Método: [POST  ] | Path: [/session/logout]
[2026-09-14 10:27:22] [SUCCESS]: Slot #002 -> Método: [GET   ] | Path: [/]
[2026-09-14 10:27:22] [SUCCESS]: Slot #003 -> Método: [GET   ] | Path: [/password]
[2026-09-14 10:27:22] [SUCCESS]: Slot #004 -> Método: [POST  ] | Path: [/password]
[2026-09-14 10:27:22] [SUCCESS]: Slot #005 -> Método: [GET   ] | Path: [/login]
[2026-09-14 10:27:22] [SUCCESS]: Slot #006 -> Método: [POST  ] | Path: [/users/get-user]
[2026-09-14 10:27:22] [SUCCESS]: Slot #007 -> Método: [POST  ] | Path: [/login]
[2026-09-14 10:27:22] [SUCCESS]: Slot #008 -> Método: [GET   ] | Path: [/users/list]
[2026-09-14 10:27:22] [SUCCESS]: Slot #009 -> Método: [POST  ] | Path: [/users/get-role]
[2026-09-14 10:27:22] [SUCCESS]: Slot #010 -> Método: [POST  ] | Path: [/users/update-role]
[2026-09-14 10:27:22] [SUCCESS]: Slot #011 -> Método: [POST  ] | Path: [/users/get-id]
[2026-09-14 10:27:22] [SUCCESS]: Slot #012 -> Método: [GET   ] | Path: [/users]
[2026-09-14 10:27:22] [SUCCESS]: Slot #013 -> Método: [GET   ] | Path: [/users/register]
[2026-09-14 10:27:22] [SUCCESS]: Slot #014 -> Método: [POST  ] | Path: [/users/register]
[2026-09-14 10:27:22] [SUCCESS]: Slot #015 -> Método: [GET   ] | Path: [/roles/list]
[2026-09-14 10:27:22] [SUCCESS]: Slot #016 -> Método: [POST  ] | Path: [/roles/add]
[2026-09-14 10:27:22] [SUCCESS]: Slot #017 -> Método: [POST  ] | Path: [/roles/edit]
[2026-09-14 10:27:22] [SUCCESS]: Slot #018 -> Método: [POST  ] | Path: [/roles/get]
[2026-09-14 10:27:22] [SUCCESS]: Slot #019 -> Método: [GET   ] | Path: [/grupos/list]
[2026-09-14 10:27:22] [SUCCESS]: Slot #020 -> Método: [POST  ] | Path: [/grupos/add]
[2026-09-14 10:27:22] [SUCCESS]: Slot #021 -> Método: [POST  ] | Path: [/grupos/edit]
[2026-09-14 10:27:22] [SUCCESS]: Slot #022 -> Método: [POST  ] | Path: [/grupos/get]
[2026-09-14 10:27:22] [INFO]: === TOTAL DE RUTAS MAPEADAS EN MEMORIA: [22/500] ===
[2026-09-14 10:57:34] [INFO]: Iniciando secuencia de vinculación de módulos...
[2026-09-14 10:57:34] [INFO]: === INICIANDO DETALLE DE MAPEO DE ENTRADAS (ROUTER) ===
[2026-09-14 10:57:34] [SUCCESS]: Slot #001 -> Método: [POST  ] | Path: [/session/logout]
[2026-09-14 10:57:34] [SUCCESS]: Slot #002 -> Método: [GET   ] | Path: [/]
[2026-09-14 10:57:34] [SUCCESS]: Slot #003 -> Método: [GET   ] | Path: [/password]
[2026-09-14 10:57:34] [SUCCESS]: Slot #004 -> Método: [POST  ] | Path: [/password]
[2026-09-14 10:57:34] [SUCCESS]: Slot #005 -> Método: [GET   ] | Path: [/login]
[2026-09-14 10:57:34] [SUCCESS]: Slot #006 -> Método: [POST  ] | Path: [/users/get-user]
[2026-09-14 10:57:34] [SUCCESS]: Slot #007 -> Método: [POST  ] | Path: [/login]
[2026-09-14 10:57:34] [SUCCESS]: Slot #008 -> Método: [GET   ] | Path: [/users/list]
[2026-09-14 10:57:34] [SUCCESS]: Slot #009 -> Método: [POST  ] | Path: [/users/get-role]
[2026-09-14 10:57:34] [SUCCESS]: Slot #010 -> Método: [POST  ] | Path: [/users/update-role]
[2026-09-14 10:57:34] [SUCCESS]: Slot #011 -> Método: [POST  ] | Path: [/users/get-id]
[2026-09-14 10:57:34] [SUCCESS]: Slot #012 -> Método: [GET   ] | Path: [/users]
[2026-09-14 10:57:34] [SUCCESS]: Slot #013 -> Método: [GET   ] | Path: [/users/register]
[2026-09-14 10:57:34] [SUCCESS]: Slot #014 -> Método: [POST  ] | Path: [/users/register]
[2026-09-14 10:57:34] [SUCCESS]: Slot #015 -> Método: [GET   ] | Path: [/roles/list]
[2026-09-14 10:57:34] [SUCCESS]: Slot #016 -> Método: [POST  ] | Path: [/roles/add]
[2026-09-14 10:57:34] [SUCCESS]: Slot #017 -> Método: [POST  ] | Path: [/roles/edit]
[2026-09-14 10:57:34] [SUCCESS]: Slot #018 -> Método: [POST  ] | Path: [/roles/get]
[2026-09-14 10:57:34] [SUCCESS]: Slot #019 -> Método: [GET   ] | Path: [/grupos/list]
[2026-09-14 10:57:34] [SUCCESS]: Slot #020 -> Método: [POST  ] | Path: [/grupos/add]
[2026-09-14 10:57:34] [SUCCESS]: Slot #021 -> Método: [POST  ] | Path: [/grupos/edit]
[2026-09-14 10:57:34] [SUCCESS]: Slot #022 -> Método: [POST  ] | Path: [/grupos/get]
[2026-09-14 10:57:34] [INFO]: === TOTAL DE RUTAS MAPEADAS EN MEMORIA: [22/500] ===
[2026-09-14 10:57:46] [INFO]: Iniciando secuencia de vinculación de módulos...
[2026-09-14 10:57:46] [INFO]: === INICIANDO DETALLE DE MAPEO DE ENTRADAS (ROUTER) ===
[2026-09-14 10:57:46] [SUCCESS]: Slot #001 -> Método: [POST  ] | Path: [/session/logout]
[2026-09-14 10:57:46] [SUCCESS]: Slot #002 -> Método: [GET   ] | Path: [/]
[2026-09-14 10:57:46] [SUCCESS]: Slot #003 -> Método: [GET   ] | Path: [/password]
[2026-09-14 10:57:46] [SUCCESS]: Slot #004 -> Método: [POST  ] | Path: [/password]
[2026-09-14 10:57:46] [SUCCESS]: Slot #005 -> Método: [GET   ] | Path: [/login]
[2026-09-14 10:57:46] [SUCCESS]: Slot #006 -> Método: [POST  ] | Path: [/users/get-user]
[2026-09-14 10:57:46] [SUCCESS]: Slot #007 -> Método: [POST  ] | Path: [/login]
[2026-09-14 10:57:46] [SUCCESS]: Slot #008 -> Método: [GET   ] | Path: [/users/list]
[2026-09-14 10:57:46] [SUCCESS]: Slot #009 -> Método: [POST  ] | Path: [/users/get-role]
[2026-09-14 10:57:46] [SUCCESS]: Slot #010 -> Método: [POST  ] | Path: [/users/update-role]
[2026-09-14 10:57:46] [SUCCESS]: Slot #011 -> Método: [POST  ] | Path: [/users/get-id]
[2026-09-14 10:57:46] [SUCCESS]: Slot #012 -> Método: [GET   ] | Path: [/users]
[2026-09-14 10:57:46] [SUCCESS]: Slot #013 -> Método: [GET   ] | Path: [/users/register]
[2026-09-14 10:57:46] [SUCCESS]: Slot #014 -> Método: [POST  ] | Path: [/users/register]
[2026-09-14 10:57:46] [SUCCESS]: Slot #015 -> Método: [GET   ] | Path: [/roles/list]
[2026-09-14 10:57:46] [SUCCESS]: Slot #016 -> Método: [POST  ] | Path: [/roles/add]
[2026-09-14 10:57:46] [SUCCESS]: Slot #017 -> Método: [POST  ] | Path: [/roles/edit]
[2026-09-14 10:57:46] [SUCCESS]: Slot #018 -> Método: [POST  ] | Path: [/roles/get]
[2026-09-14 10:57:46] [SUCCESS]: Slot #019 -> Método: [GET   ] | Path: [/grupos/list]
[2026-09-14 10:57:46] [SUCCESS]: Slot #020 -> Método: [POST  ] | Path: [/grupos/add]
[2026-09-14 10:57:46] [SUCCESS]: Slot #021 -> Método: [POST  ] | Path: [/grupos/edit]
[2026-09-14 10:57:46] [SUCCESS]: Slot #022 -> Método: [POST  ] | Path: [/grupos/get]
[2026-09-14 10:57:46] [INFO]: === TOTAL DE RUTAS MAPEADAS EN MEMORIA: [22/500] ===
[2026-09-14 11:06:54] [INFO]: Iniciando secuencia de vinculación de módulos...
[2026-09-14 11:06:54] [INFO]: === INICIANDO DETALLE DE MAPEO DE ENTRADAS (ROUTER) ===
[2026-09-14 11:06:54] [SUCCESS]: Slot #001 -> Método: [POST  ] | Path: [/session/logout]
[2026-09-14 11:06:54] [SUCCESS]: Slot #002 -> Método: [GET   ] | Path: [/]
[2026-09-14 11:06:54] [SUCCESS]: Slot #003 -> Método: [GET   ] | Path: [/password]
[2026-09-14 11:06:54] [SUCCESS]: Slot #004 -> Método: [POST  ] | Path: [/password]
[2026-09-14 11:06:54] [SUCCESS]: Slot #005 -> Método: [GET   ] | Path: [/login]
[2026-09-14 11:06:54] [SUCCESS]: Slot #006 -> Método: [POST  ] | Path: [/users/get-user]
[2026-09-14 11:06:54] [SUCCESS]: Slot #007 -> Método: [POST  ] | Path: [/login]
[2026-09-14 11:06:54] [SUCCESS]: Slot #008 -> Método: [GET   ] | Path: [/users/list]
[2026-09-14 11:06:54] [SUCCESS]: Slot #009 -> Método: [POST  ] | Path: [/users/get-role]
[2026-09-14 11:06:54] [SUCCESS]: Slot #010 -> Método: [POST  ] | Path: [/users/update-role]
[2026-09-14 11:06:54] [SUCCESS]: Slot #011 -> Método: [POST  ] | Path: [/users/get-id]
[2026-09-14 11:06:54] [SUCCESS]: Slot #012 -> Método: [GET   ] | Path: [/users]
[2026-09-14 11:06:54] [SUCCESS]: Slot #013 -> Método: [GET   ] | Path: [/users/register]
[2026-09-14 11:06:54] [SUCCESS]: Slot #014 -> Método: [POST  ] | Path: [/users/register]
[2026-09-14 11:06:54] [SUCCESS]: Slot #015 -> Método: [GET   ] | Path: [/roles/list]
[2026-09-14 11:06:54] [SUCCESS]: Slot #016 -> Método: [POST  ] | Path: [/roles/add]
[2026-09-14 11:06:54] [SUCCESS]: Slot #017 -> Método: [POST  ] | Path: [/roles/edit]
[2026-09-14 11:06:54] [SUCCESS]: Slot #018 -> Método: [POST  ] | Path: [/roles/get]
[2026-09-14 11:06:54] [SUCCESS]: Slot #019 -> Método: [GET   ] | Path: [/grupos/list]
[2026-09-14 11:06:54] [SUCCESS]: Slot #020 -> Método: [POST  ] | Path: [/grupos/add]
[2026-09-14 11:06:54] [SUCCESS]: Slot #021 -> Método: [POST  ] | Path: [/grupos/edit]
[2026-09-14 11:06:54] [SUCCESS]: Slot #022 -> Método: [POST  ] | Path: [/grupos/get]
[2026-09-14 11:06:54] [INFO]: === TOTAL DE RUTAS MAPEADAS EN MEMORIA: [22/500] ===
[2026-09-14 14:44:36] [INFO]: Iniciando secuencia de vinculación de módulos...
[2026-09-14 14:44:36] [INFO]: === INICIANDO DETALLE DE MAPEO DE ENTRADAS (ROUTER) ===
[2026-09-14 14:44:36] [SUCCESS]: Slot #001 -> Método: [POST  ] | Path: [/session/logout]
[2026-09-14 14:44:36] [SUCCESS]: Slot #002 -> Método: [GET   ] | Path: [/]
[2026-09-14 14:44:36] [SUCCESS]: Slot #003 -> Método: [GET   ] | Path: [/password]
[2026-09-14 14:44:36] [SUCCESS]: Slot #004 -> Método: [POST  ] | Path: [/password]
[2026-09-14 14:44:36] [SUCCESS]: Slot #005 -> Método: [GET   ] | Path: [/login]
[2026-09-14 14:44:36] [SUCCESS]: Slot #006 -> Método: [POST  ] | Path: [/users/get-user]
[2026-09-14 14:44:36] [SUCCESS]: Slot #007 -> Método: [POST  ] | Path: [/login]
[2026-09-14 14:44:36] [SUCCESS]: Slot #008 -> Método: [GET   ] | Path: [/users/list]
[2026-09-14 14:44:36] [SUCCESS]: Slot #009 -> Método: [POST  ] | Path: [/users/get-role]
[2026-09-14 14:44:36] [SUCCESS]: Slot #010 -> Método: [POST  ] | Path: [/users/update-role]
[2026-09-14 14:44:36] [SUCCESS]: Slot #011 -> Método: [POST  ] | Path: [/users/get-id]
[2026-09-14 14:44:36] [SUCCESS]: Slot #012 -> Método: [GET   ] | Path: [/users]
[2026-09-14 14:44:36] [SUCCESS]: Slot #013 -> Método: [GET   ] | Path: [/users/register]
[2026-09-14 14:44:36] [SUCCESS]: Slot #014 -> Método: [POST  ] | Path: [/users/register]
[2026-09-14 14:44:36] [SUCCESS]: Slot #015 -> Método: [GET   ] | Path: [/roles/list]
[2026-09-14 14:44:36] [SUCCESS]: Slot #016 -> Método: [POST  ] | Path: [/roles/add]
[2026-09-14 14:44:36] [SUCCESS]: Slot #017 -> Método: [POST  ] | Path: [/roles/edit]
[2026-09-14 14:44:36] [SUCCESS]: Slot #018 -> Método: [POST  ] | Path: [/roles/get]
[2026-09-14 14:44:36] [SUCCESS]: Slot #019 -> Método: [GET   ] | Path: [/grupos/list]
[2026-09-14 14:44:36] [SUCCESS]: Slot #020 -> Método: [POST  ] | Path: [/grupos/add]
[2026-09-14 14:44:36] [SUCCESS]: Slot #021 -> Método: [POST  ] | Path: [/grupos/edit]
[2026-09-14 14:44:36] [SUCCESS]: Slot #022 -> Método: [POST  ] | Path: [/grupos/get]
[2026-09-14 14:44:36] [INFO]: === TOTAL DE RUTAS MAPEADAS EN MEMORIA: [22/500] ===
[2026-09-14 14:59:01] [INFO]: Iniciando secuencia de vinculación de módulos...
[2026-09-14 14:59:01] [INFO]: === INICIANDO DETALLE DE MAPEO DE ENTRADAS (ROUTER) ===
[2026-09-14 14:59:01] [SUCCESS]: Slot #001 -> Método: [POST  ] | Path: [/session/logout]
[2026-09-14 14:59:01] [SUCCESS]: Slot #002 -> Método: [GET   ] | Path: [/]
[2026-09-14 14:59:01] [SUCCESS]: Slot #003 -> Método: [GET   ] | Path: [/password]
[2026-09-14 14:59:01] [SUCCESS]: Slot #004 -> Método: [POST  ] | Path: [/password]
[2026-09-14 14:59:01] [SUCCESS]: Slot #005 -> Método: [GET   ] | Path: [/login]
[2026-09-14 14:59:01] [SUCCESS]: Slot #006 -> Método: [POST  ] | Path: [/users/get-user]
[2026-09-14 14:59:01] [SUCCESS]: Slot #007 -> Método: [POST  ] | Path: [/login]
[2026-09-14 14:59:01] [SUCCESS]: Slot #008 -> Método: [GET   ] | Path: [/users/list]
[2026-09-14 14:59:01] [SUCCESS]: Slot #009 -> Método: [POST  ] | Path: [/users/get-role]
[2026-09-14 14:59:01] [SUCCESS]: Slot #010 -> Método: [POST  ] | Path: [/users/update-role]
[2026-09-14 14:59:01] [SUCCESS]: Slot #011 -> Método: [POST  ] | Path: [/users/get-id]
[2026-09-14 14:59:01] [SUCCESS]: Slot #012 -> Método: [GET   ] | Path: [/users]
[2026-09-14 14:59:01] [SUCCESS]: Slot #013 -> Método: [GET   ] | Path: [/users/register]
[2026-09-14 14:59:01] [SUCCESS]: Slot #014 -> Método: [POST  ] | Path: [/users/register]
[2026-09-14 14:59:01] [SUCCESS]: Slot #015 -> Método: [GET   ] | Path: [/roles/list]
[2026-09-14 14:59:01] [SUCCESS]: Slot #016 -> Método: [POST  ] | Path: [/roles/add]
[2026-09-14 14:59:01] [SUCCESS]: Slot #017 -> Método: [POST  ] | Path: [/roles/edit]
[2026-09-14 14:59:01] [SUCCESS]: Slot #018 -> Método: [POST  ] | Path: [/roles/get]
[2026-09-14 14:59:01] [SUCCESS]: Slot #019 -> Método: [GET   ] | Path: [/grupos/list]
[2026-09-14 14:59:01] [SUCCESS]: Slot #020 -> Método: [POST  ] | Path: [/grupos/add]
[2026-09-14 14:59:01] [SUCCESS]: Slot #021 -> Método: [POST  ] | Path: [/grupos/edit]
[2026-09-14 14:59:01] [SUCCESS]: Slot #022 -> Método: [POST  ] | Path: [/grupos/get]
[2026-09-14 14:59:01] [INFO]: === TOTAL DE RUTAS MAPEADAS EN MEMORIA: [22/500] ===
[2026-09-15 11:39:58] [INFO]: Iniciando secuencia de vinculación de módulos...
[2026-09-15 11:39:58] [INFO]: === INICIANDO DETALLE DE MAPEO DE ENTRADAS (ROUTER) ===
[2026-09-15 11:39:58] [SUCCESS]: Slot #001 -> Método: [POST  ] | Path: [/session/logout]
[2026-09-15 11:39:58] [SUCCESS]: Slot #002 -> Método: [GET   ] | Path: [/]
[2026-09-15 11:39:58] [SUCCESS]: Slot #003 -> Método: [GET   ] | Path: [/password]
[2026-09-15 11:39:58] [SUCCESS]: Slot #004 -> Método: [POST  ] | Path: [/password]
[2026-09-15 11:39:58] [SUCCESS]: Slot #005 -> Método: [GET   ] | Path: [/login]
[2026-09-15 11:39:58] [SUCCESS]: Slot #006 -> Método: [POST  ] | Path: [/users/get-user]
[2026-09-15 11:39:58] [SUCCESS]: Slot #007 -> Método: [POST  ] | Path: [/login]
[2026-09-15 11:39:58] [SUCCESS]: Slot #008 -> Método: [GET   ] | Path: [/users/list]
[2026-09-15 11:39:58] [SUCCESS]: Slot #009 -> Método: [POST  ] | Path: [/users/get-role]
[2026-09-15 11:39:58] [SUCCESS]: Slot #010 -> Método: [POST  ] | Path: [/users/update-role]
[2026-09-15 11:39:58] [SUCCESS]: Slot #011 -> Método: [POST  ] | Path: [/users/get-id]
[2026-09-15 11:39:58] [SUCCESS]: Slot #012 -> Método: [GET   ] | Path: [/users]
[2026-09-15 11:39:58] [SUCCESS]: Slot #013 -> Método: [GET   ] | Path: [/users/register]
[2026-09-15 11:39:58] [SUCCESS]: Slot #014 -> Método: [POST  ] | Path: [/users/register]
[2026-09-15 11:39:58] [SUCCESS]: Slot #015 -> Método: [GET   ] | Path: [/roles/list]
[2026-09-15 11:39:58] [SUCCESS]: Slot #016 -> Método: [POST  ] | Path: [/roles/add]
[2026-09-15 11:39:58] [SUCCESS]: Slot #017 -> Método: [POST  ] | Path: [/roles/edit]
[2026-09-15 11:39:58] [SUCCESS]: Slot #018 -> Método: [POST  ] | Path: [/roles/get]
[2026-09-15 11:39:58] [SUCCESS]: Slot #019 -> Método: [GET   ] | Path: [/grupos/list]
[2026-09-15 11:39:58] [SUCCESS]: Slot #020 -> Método: [POST  ] | Path: [/grupos/add]
[2026-09-15 11:39:58] [SUCCESS]: Slot #021 -> Método: [POST  ] | Path: [/grupos/edit]
[2026-09-15 11:39:58] [SUCCESS]: Slot #022 -> Método: [POST  ] | Path: [/grupos/get]
[2026-09-15 11:39:58] [INFO]: === TOTAL DE RUTAS MAPEADAS EN MEMORIA: [22/500] ===
[2026-09-15 12:07:32] [INFO]: Iniciando secuencia de vinculación de módulos...
[2026-09-15 12:07:32] [INFO]: === INICIANDO DETALLE DE MAPEO DE ENTRADAS (ROUTER) ===
[2026-09-15 12:07:32] [SUCCESS]: Slot #001 -> Método: [POST  ] | Path: [/session/logout]
[2026-09-15 12:07:32] [SUCCESS]: Slot #002 -> Método: [GET   ] | Path: [/]
[2026-09-15 12:07:32] [SUCCESS]: Slot #003 -> Método: [GET   ] | Path: [/password]
[2026-09-15 12:07:32] [SUCCESS]: Slot #004 -> Método: [POST  ] | Path: [/password]
[2026-09-15 12:07:32] [SUCCESS]: Slot #005 -> Método: [GET   ] | Path: [/login]
[2026-09-15 12:07:32] [SUCCESS]: Slot #006 -> Método: [POST  ] | Path: [/users/get-user]
[2026-09-15 12:07:32] [SUCCESS]: Slot #007 -> Método: [POST  ] | Path: [/login]
[2026-09-15 12:07:32] [SUCCESS]: Slot #008 -> Método: [GET   ] | Path: [/users/list]
[2026-09-15 12:07:32] [SUCCESS]: Slot #009 -> Método: [POST  ] | Path: [/users/get-role]
[2026-09-15 12:07:32] [SUCCESS]: Slot #010 -> Método: [POST  ] | Path: [/users/update-role]
[2026-09-15 12:07:32] [SUCCESS]: Slot #011 -> Método: [POST  ] | Path: [/users/get-id]
[2026-09-15 12:07:32] [SUCCESS]: Slot #012 -> Método: [GET   ] | Path: [/users]
[2026-09-15 12:07:32] [SUCCESS]: Slot #013 -> Método: [GET   ] | Path: [/users/register]
[2026-09-15 12:07:32] [SUCCESS]: Slot #014 -> Método: [POST  ] | Path: [/users/register]
[2026-09-15 12:07:32] [SUCCESS]: Slot #015 -> Método: [GET   ] | Path: [/roles/list]
[2026-09-15 12:07:32] [SUCCESS]: Slot #016 -> Método: [POST  ] | Path: [/roles/add]
[2026-09-15 12:07:32] [SUCCESS]: Slot #017 -> Método: [POST  ] | Path: [/roles/edit]
[2026-09-15 12:07:32] [SUCCESS]: Slot #018 -> Método: [POST  ] | Path: [/roles/get]
[2026-09-15 12:07:32] [SUCCESS]: Slot #019 -> Método: [GET   ] | Path: [/grupos/list]
[2026-09-15 12:07:32] [SUCCESS]: Slot #020 -> Método: [POST  ] | Path: [/grupos/add]
[2026-09-15 12:07:32] [SUCCESS]: Slot #021 -> Método: [POST  ] | Path: [/grupos/edit]
[2026-09-15 12:07:32] [SUCCESS]: Slot #022 -> Método: [POST  ] | Path: [/grupos/get]
[2026-09-15 12:07:32] [INFO]: === TOTAL DE RUTAS MAPEADAS EN MEMORIA: [22/500] ===
[2026-09-15 12:36:26] [INFO]: Iniciando secuencia de vinculación de módulos...
[2026-09-15 12:36:26] [INFO]: === INICIANDO DETALLE DE MAPEO DE ENTRADAS (ROUTER) ===
[2026-09-15 12:36:26] [SUCCESS]: Slot #001 -> Método: [POST  ] | Path: [/session/logout]
[2026-09-15 12:36:26] [SUCCESS]: Slot #002 -> Método: [GET   ] | Path: [/]
[2026-09-15 12:36:26] [SUCCESS]: Slot #003 -> Método: [GET   ] | Path: [/password]
[2026-09-15 12:36:26] [SUCCESS]: Slot #004 -> Método: [POST  ] | Path: [/password]
[2026-09-15 12:36:26] [SUCCESS]: Slot #005 -> Método: [GET   ] | Path: [/login]
[2026-09-15 12:36:26] [SUCCESS]: Slot #006 -> Método: [POST  ] | Path: [/users/get-user]
[2026-09-15 12:36:26] [SUCCESS]: Slot #007 -> Método: [POST  ] | Path: [/login]
[2026-09-15 12:36:26] [SUCCESS]: Slot #008 -> Método: [GET   ] | Path: [/users/list]
[2026-09-15 12:36:26] [SUCCESS]: Slot #009 -> Método: [POST  ] | Path: [/users/get-role]
[2026-09-15 12:36:26] [SUCCESS]: Slot #010 -> Método: [POST  ] | Path: [/users/update-role]
[2026-09-15 12:36:26] [SUCCESS]: Slot #011 -> Método: [POST  ] | Path: [/users/get-id]
[2026-09-15 12:36:26] [SUCCESS]: Slot #012 -> Método: [GET   ] | Path: [/users]
[2026-09-15 12:36:26] [SUCCESS]: Slot #013 -> Método: [GET   ] | Path: [/users/register]
[2026-09-15 12:36:26] [SUCCESS]: Slot #014 -> Método: [POST  ] | Path: [/users/register]
[2026-09-15 12:36:26] [SUCCESS]: Slot #015 -> Método: [GET   ] | Path: [/roles/list]
[2026-09-15 12:36:26] [SUCCESS]: Slot #016 -> Método: [POST  ] | Path: [/roles/add]
[2026-09-15 12:36:26] [SUCCESS]: Slot #017 -> Método: [POST  ] | Path: [/roles/edit]
[2026-09-15 12:36:26] [SUCCESS]: Slot #018 -> Método: [POST  ] | Path: [/roles/get]
[2026-09-15 12:36:26] [SUCCESS]: Slot #019 -> Método: [GET   ] | Path: [/grupos/list]
[2026-09-15 12:36:26] [SUCCESS]: Slot #020 -> Método: [POST  ] | Path: [/grupos/add]
[2026-09-15 12:36:26] [SUCCESS]: Slot #021 -> Método: [POST  ] | Path: [/grupos/edit]
[2026-09-15 12:36:26] [SUCCESS]: Slot #022 -> Método: [POST  ] | Path: [/grupos/get]
[2026-09-15 12:36:26] [INFO]: === TOTAL DE RUTAS MAPEADAS EN MEMORIA: [22/500] ===
[2026-09-15 12:52:10] [INFO]: Iniciando secuencia de vinculación de módulos...
[2026-09-15 12:52:10] [INFO]: === INICIANDO DETALLE DE MAPEO DE ENTRADAS (ROUTER) ===
[2026-09-15 12:52:10] [SUCCESS]: Slot #001 -> Método: [POST  ] | Path: [/session/logout]
[2026-09-15 12:52:10] [SUCCESS]: Slot #002 -> Método: [GET   ] | Path: [/]
[2026-09-15 12:52:10] [SUCCESS]: Slot #003 -> Método: [GET   ] | Path: [/password]
[2026-09-15 12:52:10] [SUCCESS]: Slot #004 -> Método: [POST  ] | Path: [/password]
[2026-09-15 12:52:10] [SUCCESS]: Slot #005 -> Método: [GET   ] | Path: [/login]
[2026-09-15 12:52:10] [SUCCESS]: Slot #006 -> Método: [POST  ] | Path: [/users/get-user]
[2026-09-15 12:52:10] [SUCCESS]: Slot #007 -> Método: [POST  ] | Path: [/login]
[2026-09-15 12:52:10] [SUCCESS]: Slot #008 -> Método: [GET   ] | Path: [/users/list]
[2026-09-15 12:52:10] [SUCCESS]: Slot #009 -> Método: [POST  ] | Path: [/users/get-role]
[2026-09-15 12:52:10] [SUCCESS]: Slot #010 -> Método: [POST  ] | Path: [/users/update-role]
[2026-09-15 12:52:10] [SUCCESS]: Slot #011 -> Método: [POST  ] | Path: [/users/get-id]
[2026-09-15 12:52:10] [SUCCESS]: Slot #012 -> Método: [GET   ] | Path: [/users]
[2026-09-15 12:52:10] [SUCCESS]: Slot #013 -> Método: [GET   ] | Path: [/users/register]
[2026-09-15 12:52:10] [SUCCESS]: Slot #014 -> Método: [POST  ] | Path: [/users/register]
[2026-09-15 12:52:10] [SUCCESS]: Slot #015 -> Método: [GET   ] | Path: [/roles/list]
[2026-09-15 12:52:10] [SUCCESS]: Slot #016 -> Método: [POST  ] | Path: [/roles/add]
[2026-09-15 12:52:10] [SUCCESS]: Slot #017 -> Método: [POST  ] | Path: [/roles/edit]
[2026-09-15 12:52:10] [SUCCESS]: Slot #018 -> Método: [POST  ] | Path: [/roles/get]
[2026-09-15 12:52:10] [SUCCESS]: Slot #019 -> Método: [GET   ] | Path: [/grupos/list]
[2026-09-15 12:52:10] [SUCCESS]: Slot #020 -> Método: [POST  ] | Path: [/grupos/add]
[2026-09-15 12:52:10] [SUCCESS]: Slot #021 -> Método: [POST  ] | Path: [/grupos/edit]
[2026-09-15 12:52:10] [SUCCESS]: Slot #022 -> Método: [POST  ] | Path: [/grupos/get]
[2026-09-15 12:52:10] [INFO]: === TOTAL DE RUTAS MAPEADAS EN MEMORIA: [22/500] ===
[2026-09-15 12:52:34] [INFO]: Iniciando secuencia de vinculación de módulos...
[2026-09-15 12:52:34] [INFO]: === INICIANDO DETALLE DE MAPEO DE ENTRADAS (ROUTER) ===
[2026-09-15 12:52:34] [SUCCESS]: Slot #001 -> Método: [POST  ] | Path: [/session/logout]
[2026-09-15 12:52:34] [SUCCESS]: Slot #002 -> Método: [GET   ] | Path: [/]
[2026-09-15 12:52:34] [SUCCESS]: Slot #003 -> Método: [GET   ] | Path: [/password]
[2026-09-15 12:52:34] [SUCCESS]: Slot #004 -> Método: [POST  ] | Path: [/password]
[2026-09-15 12:52:34] [SUCCESS]: Slot #005 -> Método: [GET   ] | Path: [/login]
[2026-09-15 12:52:34] [SUCCESS]: Slot #006 -> Método: [POST  ] | Path: [/users/get-user]
[2026-09-15 12:52:34] [SUCCESS]: Slot #007 -> Método: [POST  ] | Path: [/login]
[2026-09-15 12:52:34] [SUCCESS]: Slot #008 -> Método: [GET   ] | Path: [/users/list]
[2026-09-15 12:52:34] [SUCCESS]: Slot #009 -> Método: [POST  ] | Path: [/users/get-role]
[2026-09-15 12:52:34] [SUCCESS]: Slot #010 -> Método: [POST  ] | Path: [/users/update-role]
[2026-09-15 12:52:34] [SUCCESS]: Slot #011 -> Método: [POST  ] | Path: [/users/get-id]
[2026-09-15 12:52:34] [SUCCESS]: Slot #012 -> Método: [GET   ] | Path: [/users]
[2026-09-15 12:52:34] [SUCCESS]: Slot #013 -> Método: [GET   ] | Path: [/users/register]
[2026-09-15 12:52:34] [SUCCESS]: Slot #014 -> Método: [POST  ] | Path: [/users/register]
[2026-09-15 12:52:34] [SUCCESS]: Slot #015 -> Método: [GET   ] | Path: [/roles/list]
[2026-09-15 12:52:34] [SUCCESS]: Slot #016 -> Método: [POST  ] | Path: [/roles/add]
[2026-09-15 12:52:34] [SUCCESS]: Slot #017 -> Método: [POST  ] | Path: [/roles/edit]
[2026-09-15 12:52:34] [SUCCESS]: Slot #018 -> Método: [POST  ] | Path: [/roles/get]
[2026-09-15 12:52:34] [SUCCESS]: Slot #019 -> Método: [GET   ] | Path: [/grupos/list]
[2026-09-15 12:52:34] [SUCCESS]: Slot #020 -> Método: [POST  ] | Path: [/grupos/add]
[2026-09-15 12:52:34] [SUCCESS]: Slot #021 -> Método: [POST  ] | Path: [/grupos/edit]
[2026-09-15 12:52:34] [SUCCESS]: Slot #022 -> Método: [POST  ] | Path: [/grupos/get]
[2026-09-15 12:52:34] [INFO]: === TOTAL DE RUTAS MAPEADAS EN MEMORIA: [22/500] ===
[2026-09-15 13:16:33] [INFO]: Iniciando secuencia de vinculación de módulos...
[2026-09-15 13:16:33] [INFO]: === INICIANDO DETALLE DE MAPEO DE ENTRADAS (ROUTER) ===
[2026-09-15 13:16:33] [SUCCESS]: Slot #001 -> Método: [POST  ] | Path: [/session/logout]
[2026-09-15 13:16:33] [SUCCESS]: Slot #002 -> Método: [GET   ] | Path: [/]
[2026-09-15 13:16:33] [SUCCESS]: Slot #003 -> Método: [GET   ] | Path: [/password]
[2026-09-15 13:16:33] [SUCCESS]: Slot #004 -> Método: [POST  ] | Path: [/password]
[2026-09-15 13:16:33] [SUCCESS]: Slot #005 -> Método: [GET   ] | Path: [/login]
[2026-09-15 13:16:33] [SUCCESS]: Slot #006 -> Método: [POST  ] | Path: [/users/get-user]
[2026-09-15 13:16:33] [SUCCESS]: Slot #007 -> Método: [POST  ] | Path: [/login]
[2026-09-15 13:16:33] [SUCCESS]: Slot #008 -> Método: [GET   ] | Path: [/users/list]
[2026-09-15 13:16:33] [SUCCESS]: Slot #009 -> Método: [POST  ] | Path: [/users/get-role]
[2026-09-15 13:16:33] [SUCCESS]: Slot #010 -> Método: [POST  ] | Path: [/users/update-role]
[2026-09-15 13:16:33] [SUCCESS]: Slot #011 -> Método: [POST  ] | Path: [/users/get-id]
[2026-09-15 13:16:33] [SUCCESS]: Slot #012 -> Método: [GET   ] | Path: [/users]
[2026-09-15 13:16:33] [SUCCESS]: Slot #013 -> Método: [GET   ] | Path: [/users/register]
[2026-09-15 13:16:33] [SUCCESS]: Slot #014 -> Método: [POST  ] | Path: [/users/register]
[2026-09-15 13:16:33] [SUCCESS]: Slot #015 -> Método: [GET   ] | Path: [/roles/list]
[2026-09-15 13:16:33] [SUCCESS]: Slot #016 -> Método: [POST  ] | Path: [/roles/add]
[2026-09-15 13:16:33] [SUCCESS]: Slot #017 -> Método: [POST  ] | Path: [/roles/edit]
[2026-09-15 13:16:33] [SUCCESS]: Slot #018 -> Método: [POST  ] | Path: [/roles/get]
[2026-09-15 13:16:33] [SUCCESS]: Slot #019 -> Método: [GET   ] | Path: [/grupos/list]
[2026-09-15 13:16:33] [SUCCESS]: Slot #020 -> Método: [POST  ] | Path: [/grupos/add]
[2026-09-15 13:16:33] [SUCCESS]: Slot #021 -> Método: [POST  ] | Path: [/grupos/edit]
[2026-09-15 13:16:33] [SUCCESS]: Slot #022 -> Método: [POST  ] | Path: [/grupos/get]
[2026-09-15 13:16:33] [INFO]: === TOTAL DE RUTAS MAPEADAS EN MEMORIA: [22/500] ===
[2026-09-15 13:18:03] [INFO]: Iniciando secuencia de vinculación de módulos...
[2026-09-15 13:18:03] [INFO]: === INICIANDO DETALLE DE MAPEO DE ENTRADAS (ROUTER) ===
[2026-09-15 13:18:03] [SUCCESS]: Slot #001 -> Método: [POST  ] | Path: [/session/logout]
[2026-09-15 13:18:03] [SUCCESS]: Slot #002 -> Método: [GET   ] | Path: [/]
[2026-09-15 13:18:03] [SUCCESS]: Slot #003 -> Método: [GET   ] | Path: [/password]
[2026-09-15 13:18:03] [SUCCESS]: Slot #004 -> Método: [POST  ] | Path: [/password]
[2026-09-15 13:18:03] [SUCCESS]: Slot #005 -> Método: [GET   ] | Path: [/login]
[2026-09-15 13:18:03] [SUCCESS]: Slot #006 -> Método: [POST  ] | Path: [/users/get-user]
[2026-09-15 13:18:03] [SUCCESS]: Slot #007 -> Método: [POST  ] | Path: [/login]
[2026-09-15 13:18:03] [SUCCESS]: Slot #008 -> Método: [GET   ] | Path: [/users/list]
[2026-09-15 13:18:03] [SUCCESS]: Slot #009 -> Método: [POST  ] | Path: [/users/get-role]
[2026-09-15 13:18:03] [SUCCESS]: Slot #010 -> Método: [POST  ] | Path: [/users/update-role]
[2026-09-15 13:18:03] [SUCCESS]: Slot #011 -> Método: [POST  ] | Path: [/users/get-id]
[2026-09-15 13:18:03] [SUCCESS]: Slot #012 -> Método: [GET   ] | Path: [/users]
[2026-09-15 13:18:03] [SUCCESS]: Slot #013 -> Método: [GET   ] | Path: [/users/register]
[2026-09-15 13:18:03] [SUCCESS]: Slot #014 -> Método: [POST  ] | Path: [/users/register]
[2026-09-15 13:18:03] [SUCCESS]: Slot #015 -> Método: [GET   ] | Path: [/roles/list]
[2026-09-15 13:18:03] [SUCCESS]: Slot #016 -> Método: [POST  ] | Path: [/roles/add]
[2026-09-15 13:18:03] [SUCCESS]: Slot #017 -> Método: [POST  ] | Path: [/roles/edit]
[2026-09-15 13:18:03] [SUCCESS]: Slot #018 -> Método: [POST  ] | Path: [/roles/get]
[2026-09-15 13:18:03] [SUCCESS]: Slot #019 -> Método: [GET   ] | Path: [/grupos/list]
[2026-09-15 13:18:03] [SUCCESS]: Slot #020 -> Método: [POST  ] | Path: [/grupos/add]
[2026-09-15 13:18:03] [SUCCESS]: Slot #021 -> Método: [POST  ] | Path: [/grupos/edit]
[2026-09-15 13:18:03] [SUCCESS]: Slot #022 -> Método: [POST  ] | Path: [/grupos/get]
[2026-09-15 13:18:03] [INFO]: === TOTAL DE RUTAS MAPEADAS EN MEMORIA: [22/500] ===
[2026-09-15 13:19:04] [INFO]: Iniciando secuencia de vinculación de módulos...
[2026-09-15 13:19:04] [INFO]: === INICIANDO DETALLE DE MAPEO DE ENTRADAS (ROUTER) ===
[2026-09-15 13:19:04] [SUCCESS]: Slot #001 -> Método: [POST  ] | Path: [/session/logout]
[2026-09-15 13:19:04] [SUCCESS]: Slot #002 -> Método: [GET   ] | Path: [/]
[2026-09-15 13:19:04] [SUCCESS]: Slot #003 -> Método: [GET   ] | Path: [/password]
[2026-09-15 13:19:04] [SUCCESS]: Slot #004 -> Método: [POST  ] | Path: [/password]
[2026-09-15 13:19:04] [SUCCESS]: Slot #005 -> Método: [GET   ] | Path: [/login]
[2026-09-15 13:19:04] [SUCCESS]: Slot #006 -> Método: [POST  ] | Path: [/users/get-user]
[2026-09-15 13:19:04] [SUCCESS]: Slot #007 -> Método: [POST  ] | Path: [/login]
[2026-09-15 13:19:04] [SUCCESS]: Slot #008 -> Método: [GET   ] | Path: [/users/list]
[2026-09-15 13:19:04] [SUCCESS]: Slot #009 -> Método: [POST  ] | Path: [/users/get-role]
[2026-09-15 13:19:04] [SUCCESS]: Slot #010 -> Método: [POST  ] | Path: [/users/update-role]
[2026-09-15 13:19:04] [SUCCESS]: Slot #011 -> Método: [POST  ] | Path: [/users/get-id]
[2026-09-15 13:19:04] [SUCCESS]: Slot #012 -> Método: [GET   ] | Path: [/users]
[2026-09-15 13:19:04] [SUCCESS]: Slot #013 -> Método: [GET   ] | Path: [/users/register]
[2026-09-15 13:19:04] [SUCCESS]: Slot #014 -> Método: [POST  ] | Path: [/users/register]
[2026-09-15 13:19:04] [SUCCESS]: Slot #015 -> Método: [GET   ] | Path: [/roles/list]
[2026-09-15 13:19:04] [SUCCESS]: Slot #016 -> Método: [POST  ] | Path: [/roles/add]
[2026-09-15 13:19:04] [SUCCESS]: Slot #017 -> Método: [POST  ] | Path: [/roles/edit]
[2026-09-15 13:19:04] [SUCCESS]: Slot #018 -> Método: [POST  ] | Path: [/roles/get]
[2026-09-15 13:19:04] [SUCCESS]: Slot #019 -> Método: [GET   ] | Path: [/grupos/list]
[2026-09-15 13:19:04] [SUCCESS]: Slot #020 -> Método: [POST  ] | Path: [/grupos/add]
[2026-09-15 13:19:04] [SUCCESS]: Slot #021 -> Método: [POST  ] | Path: [/grupos/edit]
[2026-09-15 13:19:04] [SUCCESS]: Slot #022 -> Método: [POST  ] | Path: [/grupos/get]
[2026-09-15 13:19:04] [INFO]: === TOTAL DE RUTAS MAPEADAS EN MEMORIA: [22/500] ===
[2026-09-15 13:20:54] [INFO]: Iniciando secuencia de vinculación de módulos...
[2026-09-15 13:20:54] [INFO]: === INICIANDO DETALLE DE MAPEO DE ENTRADAS (ROUTER) ===
[2026-09-15 13:20:54] [SUCCESS]: Slot #001 -> Método: [POST  ] | Path: [/session/logout]
[2026-09-15 13:20:54] [SUCCESS]: Slot #002 -> Método: [GET   ] | Path: [/]
[2026-09-15 13:20:54] [SUCCESS]: Slot #003 -> Método: [GET   ] | Path: [/password]
[2026-09-15 13:20:54] [SUCCESS]: Slot #004 -> Método: [POST  ] | Path: [/password]
[2026-09-15 13:20:54] [SUCCESS]: Slot #005 -> Método: [GET   ] | Path: [/login]
[2026-09-15 13:20:54] [SUCCESS]: Slot #006 -> Método: [POST  ] | Path: [/users/get-user]
[2026-09-15 13:20:54] [SUCCESS]: Slot #007 -> Método: [POST  ] | Path: [/login]
[2026-09-15 13:20:54] [SUCCESS]: Slot #008 -> Método: [GET   ] | Path: [/users/list]
[2026-09-15 13:20:54] [SUCCESS]: Slot #009 -> Método: [POST  ] | Path: [/users/get-role]
[2026-09-15 13:20:54] [SUCCESS]: Slot #010 -> Método: [POST  ] | Path: [/users/update-role]
[2026-09-15 13:20:54] [SUCCESS]: Slot #011 -> Método: [POST  ] | Path: [/users/get-id]
[2026-09-15 13:20:54] [SUCCESS]: Slot #012 -> Método: [GET   ] | Path: [/users]
[2026-09-15 13:20:54] [SUCCESS]: Slot #013 -> Método: [GET   ] | Path: [/users/register]
[2026-09-15 13:20:54] [SUCCESS]: Slot #014 -> Método: [POST  ] | Path: [/users/register]
[2026-09-15 13:20:54] [SUCCESS]: Slot #015 -> Método: [GET   ] | Path: [/roles/list]
[2026-09-15 13:20:54] [SUCCESS]: Slot #016 -> Método: [POST  ] | Path: [/roles/add]
[2026-09-15 13:20:54] [SUCCESS]: Slot #017 -> Método: [POST  ] | Path: [/roles/edit]
[2026-09-15 13:20:54] [SUCCESS]: Slot #018 -> Método: [POST  ] | Path: [/roles/get]
[2026-09-15 13:20:54] [SUCCESS]: Slot #019 -> Método: [GET   ] | Path: [/grupos/list]
[2026-09-15 13:20:54] [SUCCESS]: Slot #020 -> Método: [POST  ] | Path: [/grupos/add]
[2026-09-15 13:20:54] [SUCCESS]: Slot #021 -> Método: [POST  ] | Path: [/grupos/edit]
[2026-09-15 13:20:54] [SUCCESS]: Slot #022 -> Método: [POST  ] | Path: [/grupos/get]
[2026-09-15 13:20:54] [INFO]: === TOTAL DE RUTAS MAPEADAS EN MEMORIA: [22/500] ===
[2026-09-16 11:42:17] [INFO]: Iniciando secuencia de vinculación de módulos...
[2026-09-16 11:42:17] [INFO]: === INICIANDO DETALLE DE MAPEO DE ENTRADAS (ROUTER) ===
[2026-09-16 11:42:17] [SUCCESS]: Slot #001 -> Método: [POST  ] | Path: [/session/logout]
[2026-09-16 11:42:17] [SUCCESS]: Slot #002 -> Método: [GET   ] | Path: [/]
[2026-09-16 11:42:17] [SUCCESS]: Slot #003 -> Método: [GET   ] | Path: [/password]
[2026-09-16 11:42:17] [SUCCESS]: Slot #004 -> Método: [POST  ] | Path: [/password]
[2026-09-16 11:42:17] [SUCCESS]: Slot #005 -> Método: [GET   ] | Path: [/login]
[2026-09-16 11:42:17] [SUCCESS]: Slot #006 -> Método: [POST  ] | Path: [/users/get-user]
[2026-09-16 11:42:17] [SUCCESS]: Slot #007 -> Método: [POST  ] | Path: [/login]
[2026-09-16 11:42:17] [SUCCESS]: Slot #008 -> Método: [GET   ] | Path: [/users/list]
[2026-09-16 11:42:17] [SUCCESS]: Slot #009 -> Método: [POST  ] | Path: [/users/get-role]
[2026-09-16 11:42:17] [SUCCESS]: Slot #010 -> Método: [POST  ] | Path: [/users/update-role]
[2026-09-16 11:42:17] [SUCCESS]: Slot #011 -> Método: [POST  ] | Path: [/users/get-id]
[2026-09-16 11:42:17] [SUCCESS]: Slot #012 -> Método: [GET   ] | Path: [/users]
[2026-09-16 11:42:17] [SUCCESS]: Slot #013 -> Método: [GET   ] | Path: [/users/register]
[2026-09-16 11:42:17] [SUCCESS]: Slot #014 -> Método: [POST  ] | Path: [/users/register]
[2026-09-16 11:42:17] [SUCCESS]: Slot #015 -> Método: [GET   ] | Path: [/roles/list]
[2026-09-16 11:42:17] [SUCCESS]: Slot #016 -> Método: [POST  ] | Path: [/roles/add]
[2026-09-16 11:42:17] [SUCCESS]: Slot #017 -> Método: [POST  ] | Path: [/roles/edit]
[2026-09-16 11:42:17] [SUCCESS]: Slot #018 -> Método: [POST  ] | Path: [/roles/get]
[2026-09-16 11:42:17] [SUCCESS]: Slot #019 -> Método: [GET   ] | Path: [/grupos/list]
[2026-09-16 11:42:17] [SUCCESS]: Slot #020 -> Método: [POST  ] | Path: [/grupos/add]
[2026-09-16 11:42:17] [SUCCESS]: Slot #021 -> Método: [POST  ] | Path: [/grupos/edit]
[2026-09-16 11:42:17] [SUCCESS]: Slot #022 -> Método: [POST  ] | Path: [/grupos/get]
[2026-09-16 11:42:17] [INFO]: === TOTAL DE RUTAS MAPEADAS EN MEMORIA: [22/500] ===
[2026-09-16 11:47:33] [INFO]: Iniciando secuencia de vinculación de módulos...
[2026-09-16 11:47:33] [INFO]: === INICIANDO DETALLE DE MAPEO DE ENTRADAS (ROUTER) ===
[2026-09-16 11:47:33] [SUCCESS]: Slot #001 -> Método: [POST  ] | Path: [/session/logout]
[2026-09-16 11:47:33] [SUCCESS]: Slot #002 -> Método: [GET   ] | Path: [/]
[2026-09-16 11:47:33] [SUCCESS]: Slot #003 -> Método: [GET   ] | Path: [/password]
[2026-09-16 11:47:33] [SUCCESS]: Slot #004 -> Método: [POST  ] | Path: [/password]
[2026-09-16 11:47:33] [SUCCESS]: Slot #005 -> Método: [GET   ] | Path: [/login]
[2026-09-16 11:47:33] [SUCCESS]: Slot #006 -> Método: [POST  ] | Path: [/users/get-user]
[2026-09-16 11:47:33] [SUCCESS]: Slot #007 -> Método: [POST  ] | Path: [/login]
[2026-09-16 11:47:33] [SUCCESS]: Slot #008 -> Método: [GET   ] | Path: [/users/list]
[2026-09-16 11:47:33] [SUCCESS]: Slot #009 -> Método: [POST  ] | Path: [/users/get-role]
[2026-09-16 11:47:33] [SUCCESS]: Slot #010 -> Método: [POST  ] | Path: [/users/update-role]
[2026-09-16 11:47:33] [SUCCESS]: Slot #011 -> Método: [POST  ] | Path: [/users/get-id]
[2026-09-16 11:47:33] [SUCCESS]: Slot #012 -> Método: [GET   ] | Path: [/users]
[2026-09-16 11:47:33] [SUCCESS]: Slot #013 -> Método: [GET   ] | Path: [/users/register]
[2026-09-16 11:47:33] [SUCCESS]: Slot #014 -> Método: [POST  ] | Path: [/users/register]
[2026-09-16 11:47:33] [SUCCESS]: Slot #015 -> Método: [GET   ] | Path: [/roles/list]
[2026-09-16 11:47:33] [SUCCESS]: Slot #016 -> Método: [POST  ] | Path: [/roles/add]
[2026-09-16 11:47:33] [SUCCESS]: Slot #017 -> Método: [POST  ] | Path: [/roles/edit]
[2026-09-16 11:47:33] [SUCCESS]: Slot #018 -> Método: [POST  ] | Path: [/roles/get]
[2026-09-16 11:47:33] [SUCCESS]: Slot #019 -> Método: [GET   ] | Path: [/grupos/list]
[2026-09-16 11:47:33] [SUCCESS]: Slot #020 -> Método: [POST  ] | Path: [/grupos/add]
[2026-09-16 11:47:33] [SUCCESS]: Slot #021 -> Método: [POST  ] | Path: [/grupos/edit]
[2026-09-16 11:47:33] [SUCCESS]: Slot #022 -> Método: [POST  ] | Path: [/grupos/get]
[2026-09-16 11:47:33] [SUCCESS]: Slot #023 -> Método: [POST  ] | Path: [/integrantes/add]
[2026-09-16 11:47:33] [SUCCESS]: Slot #024 -> Método: [POST  ] | Path: [/integrantes/remove]
[2026-09-16 11:47:33] [SUCCESS]: Slot #025 -> Método: [POST  ] | Path: [/integrantes/list]
[2026-09-16 11:47:33] [INFO]: === TOTAL DE RUTAS MAPEADAS EN MEMORIA: [25/500] ===
